New York
Los Angeles
Chicago
Houston
Philadelphia
Phoenix
San Diego
San Antonio
Dallas
Detroit
San Jose
Indianapolis
Jacksonville
San Francisco
Columbus
Austin
Memphis
Baltimore
Charlotte
Fort Worth
Boston
Milwaukee
El Paso
Washington
Nashville-Davidson
Seattle
Denver
Las Vegas
Portland
Oklahoma City
Tucson
Albuquerque
Atlanta
Long Beach
Kansas City
Fresno
New Orleans
Cleveland
Sacramento
Mesa
Virginia Beach
Omaha
Colorado Springs
Oakland
Miami
Tulsa
Minneapolis
Honolulu
Arlington
Wichita
St. Louis
Raleigh
Santa Ana
Cincinnati
Anaheim
Tampa
Toledo
Pittsburgh
Aurora
Bakersfield
Riverside
Stockton
Corpus Christi
Lexington-Fayette
Buffalo
St. Paul
Anchorage
Newark
Plano
Fort Wayne
St. Petersburg
Glendale
Lincoln
Norfolk
Jersey City
Greensboro
Chandler
Birmingham
Henderson
Scottsdale
North Hempstead
Madison
Hialeah
Baton Rouge
Chesapeake
Orlando
Lubbock
Garland
Akron
Rochester
Chula Vista
Reno
Laredo
Durham
Modesto
Huntington
Montgomery
Boise
Arlington
San Bernardino
Agen
Aix-en-Provence
Ajaccio
Albi
Alès
Alfortville
Amiens
Angers
Anglet
Angoulême
Annecy
Annemasse
Antibes
Antony
Argenteuil
Arles
Arras
Asnières-sur-Seine
Athis-Mons
Aubagne
Aubervilliers
Aulnay-sous-Bois
Auxerre
Avignon
Bagneux
Bagnolet
Bastia
Bayonne
Beauvais
Belfort
Besançon
Béziers
Blois
Bobigny
Bondy
Bordeaux
Boulogne-Billancourt
Boulogne-sur-Mer
Bourg-en-Bresse
Bourges
Brest
Brive-la-Gaillarde
Bron
Caen
Cagnes-sur-Mer
Calais
Caluire-et-Cuire
Cambrai
Cannes
Carcassonne
Castres
Cayenne
Cergy
Châlons-en-Champagne
Chalon-sur-Saône
Chambéry
Champigny-sur-Marne
Charleville-Mézières
Chartres
Châteauroux
Châtellerault
Châtenay-Malabry
Châtillon
Chelles
Cherbourg-Octeville
Choisy-le-Roi
Cholet
Clamart
Clermont-Ferrand
Clichy
Colmar
Colombes
Colomiers
Compiègne
Conflans-Sainte-Honorine
Corbeil-Essonnes
Courbevoie
Creil
Créteil
Dieppe
Dijon
Douai
Draguignan
Drancy
Dreux
Dunkerque16
Échirolles
Épinal
Épinay-sur-Seine
Évreux
Évry
Fontenay-sous-Bois
Fort-de-France
Franconville
Fréjus
Gagny
Gap
Garges-lès-Gonesse
Gennevilliers
Goussainville
Grasse
Grenoble
Haguenau
Houilles
Hyères
Issy-les-Moulineaux
Istres
Ivry-sur-Seine
Joué-lès-Tours
La Ciotat
La Courneuve
La Rochelle
La Roche-sur-Yon
La Seyne-sur-Mer
Laval
Le Blanc-Mesnil
Le Cannet
Le Havre
Le Lamentin
Le Mans
Lens
Le Perreux-sur-Marne
Le Port
Les Abymes
Les Mureaux
Le Tampon
Levallois-Perret
Liévin
Lille15
Limoges
Livry-Gargan
Lorient
Lyon
Mâcon
Maisons-Alfort
Malakoff
Mantes-la-Jolie
Marcq-en-Barœul
Marignane
Marseille
Martigues
Massy
Maubeuge
Meaux
Melun
Mérignac
Metz
Meudon
Montauban
Mont-de-Marsan
Montélimar
Montigny-le-Bretonneux
Montluçon
Montpellier
Montreuil
Montrouge
Mulhouse
Nancy
Nanterre
Nantes
Narbonne
Neuilly-sur-Marne
Neuilly-sur-Seine
Nevers
Nice
Nîmes
Niort
Nogent-sur-Marne
Noisy-le-Grand
Noisy-le-Sec
Orléans
Palaiseau
Pantin
Paris
Pau
Perpignan
Pessac
Plaisir
Poissy
Poitiers
Pontault-Combault
Puteaux
Quimper
Reims
Rennes
Rezé
Roanne
Romans-sur-Isère
Rosny-sous-Bois
Roubaix
Rouen
Rueil-Malmaison
Saint-André
Saint-Benoît
Saint-Brieuc
Saint-Chamond
Saint-Denis
Saint-Denis
Sainte-Geneviève-des-Bois
Sainte-Marie
Saint-Étienne
Saint-Germain-en-Laye
Saint-Herblain
Saint-Joseph
Saint-Laurent-du-Maroni
Saint-Leu
Saint-Louis
Saint-Malo
Saint-Martin-d'Hères
Saint-Maur-des-Fossés
Saint-Nazaire
Saint-Ouen
Saint-Paul
Saint-Pierre
Saint-Priest
Saint-Quentin
Saint-Raphaël
Salon-de-Provence
Sarcelles
Sartrouville
Savigny-sur-Orge
Schiltigheim
Sète
Sevran
Six-Fours-les-Plages
Stains
Strasbourg
Suresnes
Talence
Tarbes
Thionville
Thonon-les-Bains
Toulon
Toulouse
Tourcoing
Tours
Tremblay-en-France
Troyes
Valence
Valenciennes
Vandœuvre-lès-Nancy
Vannes
Vaulx-en-Velin
Vénissieux
Versailles
Vienne
Villefranche-sur-Saône
Villejuif
Villeneuve-d'Ascq
Villeneuve-Saint-Georges
Villepinte
Villeurbanne
Vincennes
Viry-Châtillon
Vitrolles
Vitry-sur-Seine
Wattrelos
Tokyo
Mexico
New York
Séoul
Karachi
São Paulo
Bombay
Los Angeles
Le Caire
Delhi
Jakarta
Ōsaka
İstanbul
Moscou
Shanghai
Manille
Calcutta
Londres
Téhéran
Lagos
Buenos Aires
Paris
Rio de Janeiro
DhâkâMoscou
Paris
Londres
Madrid
Barcelone
Saint-Pétersbourg
Berlin
Rome
Athènes
Milan
Lisbonne
Kiev
Bruxelles
Birmingham
Manchester
Naples
Vienne
Bucarest
Minsk
Hambourg
Varsovie
Budapest
Turin
Marseille
Lyon
Kharkov
Porto
Munich
Stockholm
Dublin
Nijni Novgorod
Sofia
Copenhague
Glasgow
Samara
Prague
Zurich
Kazan
Helsinki
Belgrade
Rostov-sur-le-Don
Oufa
Amsterdam
Volgograd
Lille
Rotterdam
Odessa
Cologne