Africa
Europe
Asia
Eurasia
America
North America
Central America
South America
Antartica
Arctica
Oceania
Afghanistan
Albania
Antarctica
Algeria
American Samoa
Andorra
Angola
Antigua
Barbuda
Azerbaijan
Argentina
Australia
Austria
Bahamas
Bahrain
Bangladesh
Armenia
Barbados
Belgium
Bermuda
Bhutan
Bolivia
Bosnia
Herzegovina
Botswana
Bouvet
Island
Brazil
Antarctic
Belize
Solomon
Brunei
Darussalam
Bulgaria
Myanmar
Burundi
Belarus
Cambodia
Cameroon
Canada
Cape Verde
Cayman Islands
Central Africa
Sri Lanka
Chad
Chile
China
Taiwan
Christmas Islands
Cocos Islands
Colombia
Comoros
Mayotte
Congo
Cook Islands
Costa Rica
Croatia
Cuba
Cyprus
Czechoslovakia
Czech
Benin
Denmark
Dominica
Dominican Rep.
Ecuador
El Salvador
Equatorial Guinea
Fmr Ethiopia
Ethiopia
Eritrea
Estonia
Faeroe Islands
Falkland Islands (Malvinas)
South Georgia
South Sandwich
Fiji
Finland
France
French Guiana
French Polynesia
Djibouti
Gabon
Georgia
Gambia
Palestinia
Germany
Ghana
Gibraltar
Kiribati
Greece
Greenland
Grenada
Guadeloupe
Guam
Guatemala
Guinea
Guyana
Haiti
Holy See
Vatican
Honduras
China
Hungary
Iceland
India
Indonesia
Iran
Iraq
Ireland
Israel
Italy
Jamaica
Japan
Kazakhstan
Jordan
Kenya
North Korea
South Korea
Korea
Kosovo
Kuwait
Kyrgyzstan
Laos
Lebanon
Lesotho
Latvia
Liberia
Libya
Liechtenstein
Lithuania
Luxembourg
China
Madagascar
Malawi
Sarawak
Malaysia
Malay
Sabah
Maldives
Mali
Maltan
Martinique
Mauritania
Mauritius
Mexico
Midway
Asia
Monaco
Mongolia
Moldova
Montenegro
Montserrat
Morocco
Mozambique
Oman
Namibia
Nauru
Nepal
Oceania
Netherlands
Antilles
Aruba
New Caledonia
Vanuatu
New Zealand
Nicaragua
Niger
Nigeria
Europe
Niue
Norfolk Islands
Norway
Mariana Islands
Pacific Islands
Micronesia
Marshall Islands
Palau
Pakistan
Panama
Papua New Guinea
Paraguay
Peru
Philippines
Pitcairn
Poland
Portugal
Guinea-Bissau
Timor-Leste
Puerto Rico
Qatar
Réunion
Romania
Russian Federation
Russia
Rwanda
Ryukyu Isd
Saint Helena
Saint Kitts
Saint Kitts and Nevis
Anguilla
Saint Lucia
Saint Pierre
Miquelon
Saint Vincent
San Marino
Sao Tome
Saudi Arabia
Senegal
Serbia
Seychelles
Sierra Leone
Sikkim
India
Singapore
Slovakia
Viet Nam
Slovenia
Somalia
South Africa
So. African Customs Union
Zimbabwe
Fmr Rhodesia Nyas
Fmr Dem. Yemen
Spain
Western Sahara
Sudan
Suriname
Swaziland
Sweden
Switzerland
Switzerland
Syria
Tajikistan
Thailand
Togo
Tokelau
Tonga
Trinidad
Tobago
United Arab Emirates
Tunisia
Turkey
Turkmenistan
Tuvalu
Uganda
Ukraine
Macedonia
USSR
Egypt
United Kingdom
Tanzania
Tanganyika
Zanzibar
Pemba Island
Bunkers
United States
USA
US
U\.S\.A\.
U\.S\.
Virgin Islands
Burkina Faso
Uruguay
Uzbekistan
Venezuela
Vietnam
Wake Island
Wallis and Futuna Islands
Samoa
Yemen
Yugoslavia
Serbia
Montenegro
Zambia
Scotland
England
Ireland
Wales
North Ireland
United Kingdom
U\.K\.
UK


Afghanistan
Afrique du Sud
Albanie
Algérie
Allemagne
Andorre
Angola
Anguilla
Antarctique
Antigua-et-Barbuda
Antilles néerlandaises
Arabie saoudite
Argentine
Arménie
Aruba
Australie
Autriche
Azerbaïdjan
Bénin
Bahamas
Bahreïn
Bangladesh
Barbade
Belau
Belgique
Belize
Bermudes
Bhoutan
Biélorussie
Birmanie
Bolivie
Bosnie-Herzégovine
Botswana
Brésil
Brunei
Bulgarie
Burkina Faso
Burundi
Côte d'Ivoire
Cambodge
Cameroun
Canada
Cap-Vert
Chili
Chine
Chypre
Colombie
Comores
Congo
Corée du Nord
Corée du Sud
Costa Rica
Croatie
Cuba
Danemark
Djibouti
Dominique
Égypte
Émirats arabes unis
Équateur
Érythrée
Espagne
Estonie
États-Unis
Éthiopie
Finlande
France
Géorgie
Gabon
Gambie
Ghana
Gibraltar
Grèce
Grenade
Groenland
Guadeloupe
Guam
Guatemala
Guinée
Guinée équatoriale
Guinée-Bissao
Guyana
Guyane française
Haïti
Honduras
Hong Kong
Hongrie
Ile Bouvet
Ile Christmas
Ile Norfolk
Iles Cayman
Iles Cook
Iles Féroé
Iles Falkland
Iles Fidji
Iles Géorgie du Sud et Sandwich du Sud
Iles Heard et McDonald
Iles Marshall
Iles Pitcairn
Iles Salomon
Iles Svalbard et Jan Mayen
Iles Turks-et-Caicos
Iles Vierges américaines
Iles Vierges britanniques
Iles des Cocos (Keeling)
Iles mineures éloignées des États-Unis
Inde
Indonésie
Iran
Iraq
Irlande
Islande
Israël
Italie
Jamaïque
Japon
Jordanie
Kazakhstan
Kenya
Kirghizistan
Kiribati
Koweït
Laos
Lesotho
Lettonie
Liban
Liberia
Libye
Liechtenstein
Lituanie
Luxembourg
Macao
Madagascar
Malaisie
Malawi
Maldives
Mali
Malte
Mariannes du Nord
Maroc
Martinique
Maurice
Mauritanie
Mayotte
Mexique
Micronésie
Moldavie
Monaco
Mongolie
Montserrat
Mozambique
Népal
Namibie
Nauru
Nicaragua
Niger
Nigeria
Nioué
Norvège
Nouvelle-Calédonie
Nouvelle-Zélande
Oman
Ouganda
Ouzbékistan
Pérou
Pakistan
Panama
Papouasie-Nouvelle-Guinée
Paraguay
Pays-Bas
Philippines
Pologne
Polynésie française
Porto Rico
Portugal
Qatar
République centrafricaine
République démocratique du Congo
République dominicaine
République tchèque
Réunion
Roumanie
Royaume-Uni
Russie
Rwanda
Sénégal
Sahara occidental
Saint-Christophe-et-Niévès
Saint-Marin
Saint-Pierre-et-Miquelon
Saint-Siège
Saint-Vincent-et-les-Grenadines
Sainte-Hélène
Sainte-Lucie
Salvador
Samoa
Samoa américaines
Sao Tomé-et-Principe
Seychelles
Sierra Leone
Singapour
Slovénie
Slovaquie
Somalie
Soudan
Sri Lanka
Suède
Suisse
Suriname
Swaziland
Syrie
Taïwan
Tadjikistan
Tanzanie
Tchad
Terres australes françaises
Territoire britannique de l'Océan Indien
Thaïlande
Timor Oriental
Togo
Tokélaou
Tonga
Trinité-et-Tobago
Tunisie
Turkménistan
Turquie
Tuvalu
Ukraine
Uruguay
Vanuatu
Venezuela
Viêt Nam
Wallis-et-Futuna
Yémen
Yougoslavie
Zambie
Zimbabwe
ex-République yougoslave de Macédoine 


