East
West
North
South
Earth
Moon
Mercury
Venus
Mars
Jupiter
Uranus
Neptune
Pluto
Charon
A2
A 2
Aba
Abadan
Abbesses
Abéché
Abeokuta
Aberdeen
Abidjan
Abomey
Abou Dhabi
Abovyan
Abuja
Abu Kemal
Abymes
Acadie
Acapulco
Accra
Adamstown
Adana
Addis Abeba
Adelaïde
Aden
Adriatique
Afareaitu
Afghanistan
AFP
Africa
Afrique
Afrique du Sud
Agadez
Agadir
Agana
Agedabia
Aguadilla
Ahmadabad
Ahvaz
Aiea
Ajlun
Akranes
Aktyubinsk
Akureyri
Akyab
Alabama
Al Ahmadi
Alajuela
Al Amarah
Åland
Alaska
Albania
Albanie
Al Bayda
Alberta
Alborán
Ålborg
Alep
Alésia
Alesund
Alexandre
Alexandrie
Alfort
Alger
Algeria
Algérie
Al Hadd
Al Hillah
Al Hufuf
Alicante
Ali-Sabieh
Al Jahra
Al Khawr
Allemagne
All Saints
Alma
Alma Ata
Almada
Almalyk
Al Manamah
Al Marj
Al Muharraq
Al Mukalla
Alofi
Alor Setar
Alost
Alouette FM
Alsace
Amadora
Ambato
America
American Samoa
Amérique
Amérique latine
Amérique Latine
Amériques
Amman
Amsterdam
Anabar
Anatole
A Nazret
Anchorage
Andaman
Andizhan
Andorra
Andorra-la-Vella
Andorre
Andros Town
Anécho
Angeles
Angleterre
Angola
Angra do Heroismo
Angren
Anguilla
Anibare
Ankara
Anna
Annaba
An Najaf
An Nasiriyah
Anse Boileau
Anse Royal
Antarctica
Antarctique
Antarctique britannique
Antigua
Antilles
Antofagasta
Antsiranana
Anvers
Apeldoorn
Apia
Aqqaba
Aquitaine
Arabia
Arabian
Arad
Arafura
Arbil
Arctique
ARD
Arecibo
Arequipa
Argentina
Århus
Arica
Arima
Arizona
Arkansas
Arkhangelsk
Armenia
Arménie
Arorangi
Ar Ramadi
Arrecife
Arte
Arts
Aruba
Arucas
Arusha
Ascension
Ascension Island
Aseb
Ashkhabad
Ashmore
Asia
Asie
Asmara
Assemblée
Assiout
Assouan
As Sulaymaniyah
Astana
Asunción
Atacama
Atakpamé
Atar
Atbara
Athènes
Athlone
Atlanta
Atlantique
Atoll Johnston
At Ta' if
Auber
Aubervilliers
Auckland
Auki
Aurigny
Australia
Australie
Austria
Autriche
Auvergne
Avarua
Avatele
Avatiu
Avenue
Avron
Azerbaïdjan
Azerbaijan
Azov
Az Zawiyah
Bacolod
Bafatá
Baffin
Bafilo
Bafoussam
Bagdad
Baghlan
Bahamas
Bahir Dar
Bahrain
Bahrein
Bahreïn
Baioa
Bairiki
Bakau
Baker
Bakhtaran
Bakou
Baku
Balard
Bâle
Balkans
Ballaugh
Baltique
Balzers
Bamako
Bambari
Bamenda
Bandar Seri Begawan
Bande de Gaza
Bandélé
Bandung
Banfora
Bangassou
Bangkok
Bangladesh
Bangui
Ban Hat Yai
Banjaluka
Banjarmasin
Banjul
Banska Bytrica
Ba' qubah
Barahona
Baranovichi
Barbade
Barbades
Barbados
Barbès
Barbuda
Barcelona
Barcelone
Barents
Bari
Barisal
Barquisimeto
Barranquilla
Barreiro
Base Martin-de-Vivies
Bases Amundsen-Scott
Bases Port-aux-Français
Basra
Bassari
Bassein
Basse Normandie
Basse Saxe
Basseterre
Basse Terre
Bastille
Bata
Batangas
Bathsheba
Batna
Battambang
Batumi
Bayamo
Bayamón
Bd
Beau Bassin
Beaufort
Beauregard
Beercheba
Beijing
Beira
Bel
Belarus
Belém
Belfast
Belgique
Belgium
Belgrade
Belize
Bélize
Belleville
Belmopan
Belo Horizonte
Bel' tsy
Bendery
Bene Beraq
Bengalore
Benghazi
Benguela
Benin
Bénin
Benin City
Bérault
Berbera
Berbérati
Bercy
Berekua
Bergen
Béring
Berlin
Bermuda
Bermudes
Berne
Bethléem
Beyrouth
BFM
Bhaktapur
Bhoutan
Bhutan
Biba
Biélorussie
Bienne
Big Bend
Bihac
Bilbao
Billancourt
Bir
Biratnagar
Birkirkara
Birmingham
Birni n' Konni
Bishkek
Bissau
Bitola
Bizerte
Blanche
Blantyre
Blida
Bo
Bobigny
Bobo Dioulasso
Bobonong
Bobruysk
Boddentown
Bodø
Boeni
Bogota
Bohême
Boissière
Bolands
Bolivia
Bolivie
Bologne
Bongor
Bonne
Bonthe
Borås
Bordeaux
Borgo Maggiore
Borisov
Boromo
Bosnia
Bosnie Herzégovine
Boston
Botswana
Bouaké
Bouar
Boucicaut
Boukhara
Boulainvilliers
Boulets
Boulogne
Bourail
Bourgogne
Bourse
Bouvet
Braga
Braila
Brasilia
Brasov
Bratislava
Brazil
Brazzaville
Breakers
Bréguet
Brésil
Brest
Bretagne
Bride
Bridgetown
Brijeg
Brikama
Brisbane
Bristol
Britain
Brno
Brochant
Brod
Bruges
Brunei
Bruxelles
Bucaramanga
Bucarest
Buchanan
Budapest
Buenos Aires
Bujumbura
Bukavu
Bulawayo
Bulgaria
Bulgarie
Bumtang
Burao
Buraydah
Burgas
Burkina
Burkina Faso
Bursa
Burundi
Bururi
Butare
Buzenval
Bygdoszcz
Cabimas
Cacak
Cadet
Cagayan de Oro
Cagliari
Caguas
Caicos
Caicos Islands
Caïman
Caïmans
Calabar
Calcutta
Caledonia
Calgary
Cali
Californie
Callao
Camagüey
Cambodge
Cambodia
Cambronne
Cameroon
Cameroun
Campinas
Campo
Cam Ranh
Canada
Canal +
Canala
Canal J
Canal Jimmy
Canaries
Canberra
Canchungo
Canillo
Can Tho
Canton
Cape Coast
Cape Town
Cape Verde
Cap Haïtien
Capital
Cap Vert
Caracas
Caraïbes
Cardiff
Cardinal
Carélie
Cariris
Carolina
Caroline du Nord
Caroline du Sud
Carrefour
Cartagena
Cartago
Cartier
Casablanca
Cascade
Caspienne
Castel Gandolfo
Castille
Castlebar
Castries
Catane
Catió
Cattégat
Caucase
Causses Grands
Cayenne
Cayey
Cayman
CDU
Cebu
CEE
Celje
Censier
Centrafricaine
Centrafrique
Central African Republic
Centre
Centristes
Ceské Budejovice
Cévennes
Chaco
Chad
chambre de commerce et d' industrie
Chambre de Commerce et d' Industrie
Champ
Champagne Ardennes
Champs
Changchun
Chardon
Chardzhou
Charenton
Charleroi
Charles
Charlestown
Charlotte Amalie
Charonne
Château
Chateaubelair
Châtelet
Chatham
Châtillon
Chaussée
Chegutu
Chemin
Chengdu
Chevaleret
Chia-li
Chiang Mai
Chiatura
Chibuto
Chicago
Chiclayo
Chihuahua
Chilabombwe
Chile
Chili
Chi-lung
Chimbote
Chimkent
China
Chinandega
Chine
Chingola
Chingoni
Chinhoyi
Chinnamp' o
Chiquimula
Chirchik
Chisinau
Chitaz
Chittagong
Chitungwiza
Choc du mois
Choluteca
Chon Buri
Ch' ongjin
Chongqing
Chonju
Christchurch
Christianshåb
Christiansted
Christmas
Christmas Island
Chung-li
Chypre
Cienfuegos
Cinq
Cinquième
Cisjordanie
Cité
Cité du Vatican
Ciudad Bolivar
Ciudad del Este
Ciudad Guyana
Ciudad Juárez
Clipperton
Cluj-Napoca
Cluny
CNN
Cobán
Cochabamba
Cockburn Town
Cocos
Cocos Islands
Codrington
Coimbra
Cojutepeque
Coloane
Cologne
Colombia
Colombie
Colombie Britannique
Colombo
Colón
Colonel
Colorado
Comayagua
Comilla
Commerce
Communistes
Comores
Comoros
Conakry
Concepcíon
Concepción
Concorde
Congo
Congo démocratique
Connecticut
conseil départemental
conseil général
conseil régional
Conseil supérieur de l' audiovisuel
Constanta
Constantine
Convention
Cook
Cook Islands
Copenhague
Corail
Córdoba
Corée
Corée du Nord
Corée du Sud
Corentin
Cork
Cornouailles
Coronel Oviedo
Corozal
Corriverton
Corse
Corvisart
Cosmopolitan
Costa
Costa Rica
Côte d' Ivoire
Cotonou
Courcelles
Cour des comptes
Couronnes
Cours Suprême
Courtrai
Coventry
Crab Hill
Cracovie
Craiova
Créteil
Crimée
Croatia
Croatie
Crocus Hill
Croix
Cruz Bay
CSA
Cuba
Cúcuta
Cuenca
Culiacán
Cumana
Curepipe
Curitiba
Cuzco
Cyangugu
Cyprus
Czech Republic
Dakar
Dakhla
Dakota du Nord
Dakota du Sud
Dalian
Dallas
Dalmatie
Daloa
Damas
Dammam
Danané
Da Nang
Danemark
Dangriga
Dar es Salaam
Darhan
Darnah
Daugavpils
Daumesnil
Davao
David
Death Valley
Debrecen
Dededo
Dehiwala
Deir es Zor
Delaware
Démocrates
Denfert
Denmark
Dennery
Denver
Dépêche du Midi
Deraa
Dessié
Detroit
Dhaka
Dhamar
Diego Garcia
Differdange
Dikhil
Diourbel
Dire Dawa
Disney Channel
District de Colombie
Diyarbakir
Djalalabad
Djerba
Djibouti
Djokjakarta
Dniepropetrovsk
Doba
Dobroudja
Dodoma
Doha
D.O.M
Dominica
Dominicaine
Dominican Republic
Dominique
Donbass
Donegal
Donetsk
Dortmund
Dosso
Douala
Douglas
Drammen
Dubai
Dublin
Dubrovnik
Ducos
Dudelange
Dugommier
Dukhan
Dumbéa
Dumont-d' Urville
Dunedin
Dún Laoghaire
Dupleix
Duqm
Durban
Duroc
Durrës
Dushanbe
Düsseldorf
Dzhalal-Abad
Dzhambul
East London
East Timor
Ebebiyin
Ebeye
Echmiadzin
Echos
Échos
Ecole
Ecologistes
Écosse
Ecuador
EDF
Edgar
Edinburgh
Edmonton
Education nationale
Egedesminde
Égée
Eglise
Egypt
Egypte
Égypte
Eindhoven
El Aioun
Elbasan
El Beïda
Eldoret
El Haseke
El Mahlla el Kubra
El Mansoura
El Obeid
El Progeso
El Salvador
Elseneur
Émilie Romagne
Emirats Arabes Unis
Encamp
Encarnación
Enschede
Entebbe
Enugu
Épire
Equateur
Équateur
Equatorial
Erdene
Eritrea
Erythrée
Esbjerg
Eschen
Esch-sur-Alzette
Escuintla
Eskisehir
Esmeraldas
Espagne
Esplanade
Espoo
Essen
Estelí
Estonia
Estonie
Etat
État
État libre d' Orange
Etats Unis
Etats-Unis
États Unis
États-Unis
Ethiopia
Ethiopie
Etienne
Eurasie
Euronews
Europa
Europe
Europe 1
Europe 2
Eurosport
Evinayong
Exelmans
Extrême Orient
Extrême-Orient
Faidherbe
Faisalabad
Falguière
Falkland
Falkland Islands
Famagusta
Fancy
Farafenni
Farim
Faroe Islands
Fashion TV
Faso
Fatatogo
Félix
Fergana
Fernando de la Mora
Féroé
Fès
FFF
FFR
FFSE
FFSG
FFT
Fianarantsoa
Fidji
Figaro
Figaro Magazine
Fiji
Filigué
Filles
Finland
Finlande
Fitihuta
Florence
Floride
Flying Fish Cove
FN
Fomboni
Fongafale
Fontvieille
Fort
Fortaleza
Fort de France
Fort Portal
Foumban
FR3
FR 3
France
France 2
France 3
France Culture
France Football
France Info
France Inter
France Musique
France Soir
Francfort
Franche Comté 
Francistown
Franklin-D.
Frederikshåb
Frederiksted
Fredrikstad
Freeport
Freetown
Frise
Front national
Front National
Fujairah
Fukuoka
Funchal
Fundy
Fun Radio
Futuna
Gabès
Gabon
Gaborone
Gabriel
Gabu
Gafsa
Gagnoa
Gaîté
Gala
Galati
Galaxie
Galles
Gallieni
Galway
Gambetta
Gambia
Gambie
Gan
Gand
Gao
Garapan
Gare
Garibaldi
Garoua
Gateri
Gävle
Gaza
Gaziantep
Gdansk
GDF
General Santos
Gênes
Genève
Gentilly
George
Georgetown
George Town
Georgia
Georgie
Géorgie
Géorgie du sud
Géorgie du Sud
Germany
Geta
Ghana
Gibraltar
Gibson
Gioher
Gisenyi
Gitega
Gîza
Gizo
Glacière
Glasgow
Globe
Glorieuses
Gobi
Goiâna
Gold Coast
Goma
Gomel
Gonaives
Goncourt
Gonder
Gorazde
Gori
Gorki
Gorlovka
Goroka
Göteborg
Gouyave
Granada
Gran Chaco
Grand Bassin
Grande
Grande Baie australienne
Grande Bretagne
Grand Rift
Grand Roy
Grand Turk
Graz
Great Britain
Great Sandy
Great Victoria
Grèce
Greece
Greenland
Grenada
Grenade
Grenadines
Grenoble
Grenville
Grisons
Grodno
Groenland
Groningue
Grytviken
Guadalajara
Guadeloupe
Guam
Guantanámo
Guatemala
Guatémala
Guayama
Guayaquil
Guaynabo
Guernesey
Guernsey
Guiana
Guinea
Guinea-Bissau
Guinée
Guinée Bissau
Guinée Equatoriale
Guinée équatoriale
Guinée française
Gujranwala
Gulu
Guntur
Guy
Guyana
Guyane
Gwelo
Gyandzha
Györ
Gyumri
Haarlem
Haeju
Hafnarfjördur
Haïfa
Haiphong
Haiti
Haïti
Hajjah
Hakupu
Halifax
Halley V et Signy
Hama
Hambourg
Hamhung
Hamilton
Hanoi
Haradh
Harar
Harare
Harbel
Harbin
Hargeisa
Harper
Hastings
Haute Normandie
Havre
Hawaii
Hawalli
Heard
Heard Islands
Hebron
Heihe
Helsingborg
Helsinki
Helwân
Herat
Herdia
Herm
Hermosillo
Herning
Herzegovina
Hienghène
Hillsborough
Hilo
Hiroshima
Ho
Hobart
Hoche
Hodeïah
Holetown
Holguín
Hollande Méridionale
Hollande Septentrionale
Holon
Holsteinsborg
Holy See
Home
Homs
Honduras
Hong Kong
Hongrie
Honiara
Honolulu
Horsens
Horta
Hospitalet
Hôtel
Houaïlu
Houston
Howland
Hradec Králové
Hsin-chu
Huambo
Huancayo
Hudson
Hué
Hungary
Hungnam
Húsavik
Hutt River
Hyderabad
Iasi
Ibadan
Iceland
Idaho
Idlib
Iéna
Ijuw
Ile de France
Île du Prince Édouard
Îles australes et antarctiques de France
Ilesha
Iles Sandwich du Sud
Îles Vierges
Illinois
Illulisat
Iloilo
Ilorin
Inch' on
Inde
India
Indiana
Indonesia
Indonésie
Indore
Innsbruck
Intérieure
Invalides
Invercargill
Iowa
Ipoh
Iquitos
Irak
Iraklio
Iran
Iraq
Irbid
Ireland
Irkoutsk
Irlande
Irlande du Nord
Iroise
Isa
Isafjördur
Isangel
Islamabad
Islande
Isle of Man
Ismaïlia
Ispahan
Israel
Israël
Issy
Istanbul
Italie
Italy
Ivory Coast
Ivry
Izmir
Jacques
Jaffna
Jaipur
Jakarta
Jamaica
Jamaïque
Jamestown
Jan Mayen
Jan Mayen Island
Jan Mayen Islands
Japan
Japon
Jarash
Jarvis
Jasmin
Jaurès
Javel
Jeddah
Jelgava
Jéricho
Jersey
Jérusalem
Jesenice
Jet FM
Jidd Hafs
Jimma
Jinan
Jinja
Jinotepe
Johannesburg
Johore Bharu
Jönköping
Jordan
Jordanie
Jourdain
Journal officiel
Jules
Julianehåb
Jumla
Jupiter
Jurmala
Jurong
Jussieu
Jyväskylä
Kaboul
Kabwe
Kadoma
Kaduna
Kaédi
Kaesong
Kagoshima
Kailua
Kaingaroa
Kairouan
Kalahari
Kalémié
Kalulushi
Kamina
Kampala
Kampot
Kananga
Kandahar
Kandym Galle
Kanehoe
Kanibadam
Kankan
Kano
Kanpur
Kansas
Kao-hsiung
Kaolack
Kara
Karachi
Karaganda
Karaj
Karak
Karaklis
Karakum
Karbala
Karonga
Karshi
Kassala
Katmandou
Katowice
Kaunas
Kavala
Kavir
Kawasaki
Kaya
Kayes
Kayseri
Kazakhstan
Kazan'
Kecskemét
Keeling
Keeling Islands
Keerzong
Keetmanshoop
Keflavik
Kélo
Kenema
Kenitra
Kennedy
Kentucky
Kenya
Kericho
Kerman
Khabarovsk
Khammouane
Khao Yai
Kharkhov
Khartoum
Khersan
Khodzent
Khon Kaen
Khor
Khorog
Khulna
Kiev
Kiffa
Kigali
Kikinda
Kikwit
Kimch' aek
Kingston
Kingstown
Kinshasa
Kirakira
Kirghizistan
Kirghizstan
Kiribati
Kirkouk
Kirovakan
Kisangani
Kisimayu
Kisumi
Kita-Kyushu
Kitale
Kitwe-Nkana
Klagenfurt
Klaipeda
Kléber
Kobe
Koforidua
Kohtla-Järve
Kokand
Kolding
Kompong Cham
Kompong Chhnang
Kone
Kong
Konya
Kópavogur
Koper
Korcë
Korea
Korhogo
Koror
Kosice
Kosovo
Kosti
Kota Bharu
Kota Kinabalu
Kotka
Kotte
Koudougou
Kouibychev
Koumac
Koumaïri
Koumra
Kourou
Kouzbass
Koweit
Koweït
Kowloon
Kragujevac
Kralendijk
Kranj
Krasnoïarsk
Krasnovodsk
Kratie
Kristianstad
Krivoy Rog
Kuala Belait
Kuala Lumpur
Kuala Trengganu
Kuantan
Kuching
Kulyab
Kumanovo
Kumasi
Kumba
Kunduz
Kuopio
Kupang
Kurdistan
Kurgan-Tyube
Kustanay
Kutaisi
Kuwait
Kwangju
Kwazulu Natal
Kwun Tong
Kyoto
Kyrgyzstan
Kyzyl-Kiya
Kyzylkum
La
Labé
Labrador
La Canée
La Ceiba
La Chorrera
La Cinq
La Cinquième
La Condamine
La Dépêche du Midi
Lae
Lagos
La Havane
La Haye
Lahore
Lahti
Lai
Lakepa
Lalitpur
Lamap
Lamarck
La Massana
La Mauricie
Lambarené
Lambasa
Lambayeque
La Mecque
Langnas
Languedoc Roussillon
Lanka
Lao
La Orotava
Laos
La Paz
La Plata
Laponie
Laptev
La Rioja
Lárissa
Larnaca
La Romana
Las Palmas
Las Piedras
Las Tunas
Latium
Latour
La Tribune
La Trinité
Lattaquié
Latvia
Laumière
Lausanne
Lautoka
La Valette
La Vega
La Ville Roussel
Layou
LCI
Le
Lebanon
Le Caire
Ledru
Leeds
Le Figaro
Le François
Le Gosier
Le Havre
Leipzig
Le Lamentin
Le Monde
Le Monde diplomatique
Le Monde Diplomatique
Lenkoran
Le Nouvel Obs
Le Nouvel Observateur
León
Leone
Le Parisien
Le Pirée
Le Point
Le Port
L' Equipe
L' Équipe
Le Républicain Lorrain
Leribe
Les
Les Cayes
Les Echos
Les Échos
Les Escaldas
Leskovac
Lesotho
Le Tampon
Lettonie
Levuka
L' Expansion
L' Express
Lhassa
Liban
Libération
Libéraux
Liberec
Liberia
Liberté
Libreville
Libya
Libyan
Libye
Liechtenstein
Liège
Liepaja
Ligurie
Ligurienne
Lihue
Likasi
Liku
Lille
Lilongwe
Lima
Limassol
Limbourg belge
Limerick
Limón
Limousin
Linden
Linköping
Linz
Lisbonne
Lithuania
Lituanie
Liverpool
Livingstone
Livno
Ljubljana
Loandjili
Lobatsi
Lobito
Lódz
Lombardie
Lomé
Londres
Longyearbyen
Lorraine
Los Angeles
Loubomo
Louis
Louise
Louisiane
Lourmel
Louvain
Louvre
Luanda
Luang Prabang
Luanshya
Luba
Lubango
Lublin
Lubumbashi
Lucerne
Lucknow
Lüderitz
Lugansk
Luma
Lumut
Lune
Luolong
Lusaka
Lut
Luxembourg
Luxembourg belge
L' viv
Lyon
M6
Ma' an
Mabillon
Macao
Macau
Macédoine
Macedonia
Machala
Machaze
Machico
Madaba
Madagascar
Madang
Madeleine
Madère
Madras
Madrid
Madurai
Mafeteng
Mafraq
Maghreb
Mahaicony
Mahébourg
Mahina
Maine
Mairie
Maison
Maisons-Alfort
Majunga
Majuro
Mak' alé
Makefu
Makeni
Makeyevka
Malabo
Malacca
Málaga
Malaisie
Malakoff
Malang
Malanje
Malawi
Malaysia
Maldives
Male
Malesherbes
Mali
Malindi
Malines
Malmö
Malta
Malte
Malte et Gozo
Mamoutzou
Man
Managua
Manche
Manchester
Mandalay
Mandchourie
Mandeville
Mandie
Mango
Manille
Manitoba
Manizales
Mansôa
Manta
Manzini
Maputo
Maracaibo
Maracay
Maradi
Maraîchers
Marcadet
Marcel
Mar del Plata
Margilan
Mariannes du Nord
Maribor
Marie Claire
Mariehamn
Marienburg
Marigot
Marino
Marioupol
Marmara
Maroc
Maroua
Marrakech
Mars
Marseille
Marshall
Marshall Islands
Martinique
Marx
Maryland
Masaka
Masan
Masaya
Mascareignes
Mascate
Maseru
Mashhad
Massachusetts
Massawa
Masséna
Massendjo
Masvingo
Matadi
Matagalpa
Mataiea
Mata Utu
Matavera
Matozinhos
Matrah
Maturín
Maubert
Mauren
Maurice
Mauritania
Mauritanie
Mauritius
Mayagüez
Mayotte
May Pen
Mazar-e-Sharif
Mazatenango
Mbabane
Mbaïki
Mbale
Mbandaka
Mbarara
Mbeya
Mbini
Mbiyi Mayi
McDonald
Mc Donald Islands
Medan
Medellín
Medina
Méditerranée
Meknès
Melbourne
Melo
Mendoza
Ménilmontant
Merca
Mercedes
Mercure
Mérida
Mer intérieure
Mer lonienne
mers Australiennes
Mers australiennes
Mersin
mers intérieures d' Écosse
Mers intérieures d' Écosse
Messine
Mexicali
Mexico
Mexico City
Mexique
Mhlume
Miami
Michel
Michel-Ange
Michigan
Micoud
Micronesia
Micronésie
Midi Pyrénées
Midway
Milan
Mina Ahmadi
Minas
Mindelo
Mingechaur
Minnesota
Minsk
Minute
Miquelon
Mirabeau
Miromesnil
Miskolc
Mississippi
Missouri
Misurata
Mitsamiouli
Moengo
Mogadiscio
Mogilev
Mojave
Moldavie
Moldova
Mombasa
Monaco
Monceau
Monde
Monde diplomatique
Monde Diplomatique
Mongolia
Mongolie
Mongono
Monrovia
Mons
Montana
Monte Carlo
Montego Bay
Montenegro
Monténégro
Monterrey
Montevideo
Montgallet
Montparnasse
Montpellier
Montréal
Montserrat
Mopti
Moratuwa
Moravie
Morne-à-l' Eau
Morocco
Moroni
Moscou
Mossoul
Mosta
Mostar
Mouila
Moule
Moulmein
Moundou
Mount Hagen
Mourmansk
Mouton
Moyen Orient
Moyen-Orient
Mozambique
Mozyr
Mufulira
Multan
Mumbai
Munich
Münich
Murcie
Muri
Musay' id
Musée
Musique FM
Mutare
Mutsamudu
Mwanza
Myanmar
Myeik
Mymensingh
My Tho
Mzuzu
Nacala
Nadi
Naestved
Nafud
Nagasaki
Nagoya
Nagpur
Nain
Nairobi
Nakhichevan
Nakhon Ratchasima
Nakhon Si Thammarat
Nakuru
Nalayh
Namangan
Nam Dinh
Namib
Namibe
Namibia
Namibie
Nampula
Namur
Nanjing
Nantes
Nanyuki
Napier-Hastings
Naples
Naplouse
Narayanganj
Narssarssuaq
Narva
Naryn
Nassau
Nation
Nationale
National Hebdo
Natitingou
Nauru
Nausori
Navarre
N' Djamena
Ndola
Nebraska
Nee Soon
Negombo
Neiafu
Nelson
Néma
Nepal
Népal
Neptune
Neskaupstadur
Netherlands
Neuchâtel
Nevada
New Amsterdam
New Caledonia
Newcastle
New Dehli
New Guinea
New Hampshire
New Jersey
New Kowloon
New Mexico
New Plymouth
New York
New Zealand
Ngamaba-Mfilou
Ngatangila
Ngozi
Nha Trang
Nhlangano
Niamey
Nicaragua
Nice
Nicolls Town
Nicosie
Nieuw Nickerie
Niger
Nigeria
Niigata
Nikolaïev
Nimégue
Nitra
Niue
Nizhni Novogrod
Nizwa
N' Kayi
Nkhotakota
N' kongsamba
Nord Pas de Calais
Norfolk
Norfolk Island
Norrköping
Norsupo
Northern Mariana Islands
North Korea
Norvège
Norway
Nostalgie
Notre-Dame
Nottingham
Nouadhibou
Nouakchott
Nouméa
Nouveau Brunswick
Nouveau Mexique
Nouveau-Mexique
Nouvelle Calédonie
Nouvelle Écosse
Nouvelle Guinée
Nouvelle Zélande
Nouvel obs
Nouvel observateur
Nouvel Observateur
Nova Iguaçu
Novi Sad
Novosibirsk
NRJ
Nubian
Nueva San Salvador
Nuku' alofa
Nukus
Nunavut
Nuuk
Nyabisindu
Nyeri
Nyîregyháza
Nzerékoré
Oberkampf
Obock
Occident
Oceania
Océanie
Odense
Odéon
Odessa
Office national des forêts
Ogbomosho
Ohio
Oistins
Okhotsk
Oklahoma
Old Road
Olomouc
OLP
Oman
Ombrie
Omdurman
Omsk
Onchan
ONF
Onitsha
Ontario
ONU
Ooma
OPEP
Opéra
Oradea
Oran
Orange Walk
Oranjestad
Orebro
Oregon
Orgejev
Orient
Orsha
Oruro
Osaka
Osh
Oshogbo
Osijek
Oslo
Ostende
Ostrava
OTAN
Otjiwarongo
Otrante
Ottawa
Ouagadougou
Ouahigouya
Ouest France
Ouganda
Oujda
Oulangom
Oulu
Ourcq
Ourgentch
Ouzbekistan
Ouzbékistan
Owenga
Oyama
Pacifique
Padang
Pago Pago
Pakistan
Pakse
Palais
Palau
Palembang
Palerme
Palestine
Palestinian
Palikir
Palimé
Palma de Majorque
Palmerston North
Pämu
Panama
Panamá
Panchiao
Panevezys
Pangai
Papara
Papeete
Papouasie
Papouasie Nouvelle Guinée
Papua New Guinea
Paraguay
Parakou
Paramaribo
parc national de Ras Mohamed
parc national des Écrins
parc national du Yosemite
Pardubice
Paris
Parisien
Paris Match
Parlement
Parmentier
parti socialiste
Parti socialiste
Passy
Pasteur
Patagonie
Patan
Patras
Pavlodar
Paysandú
Pays Bas
pays de Galles
Pays de Galles
Pays de la Loire
PC
PCF
Pec
Pécs
Pedro Juan Caballero
Pegu
Pékin
Péloponnèse
Pendjab
Pennsylvanie
Père
Pereira
Péreire
Pernéty
Pérou
Perth
Peru
Peshawar
Petah Tiqwa
Pétange
Pétionville
Petit Barachois
Petit Bourg
Petrograd
Petropavlovsk
Philadelphia
Philippe
Philippines
Philipsburg
Phitsanulok
Phnom Penh
Phoenix
Phuket
Phuntsholing
Picardie
Picpus
Piémont
Pierre
Pigalle
Pigg' s Peak
Pilar
Pinar del Rio
Pinsk
Pitcairn
Pitcairn Island
Piura
Place
Plaisance
Pleven
Ploiesti
Plovdiv
Pluton
Plymouth
Plzen
Podgorica
Pohnpei
Point
Pointe-à-Pitre
Pointe Noire
Poissonnière
Poitou Charentes
Pokhara
Poland
Pôle Nord
Pôle Sud
Pologne
Polynesia
Polynésie
Ponce
Pont
Ponta Delgada
Pori
Port
Port-au-Prince
Port Darwin
Port-de-Paix
Porte
Port Elizabeth
Port Gentil
Port Harcourt
Port Hutt
Port Loko
Port Louis
Port Moresby
Porto
Porto Alegre
Pôrto Alegre
Port of Spain
Porto Novo
Porto Rico
Portoviejo
Port Saïd
Portsmouth
Port Soudan
Portugal
Port Vila
Poste
Poti
Potosi
Pouilles
Poznan
PR
Prague
Praia
Première
Presov
Presse Océan
Pretoria
Prilep
Prima
Pristina
Proche Orient
Proche-Orient
Provence Alpes Côte d' Azur
Przheval' sk
PS
PSU
PTT
Pucallpa
Puerto Barrios
Puerto Cortés
Puerto Montt
Puerto Rico
Puerto Strossner
Puna d' Atacama
Punakha
Pune
Punjab
Punta Arenas
Puntarenas
Pursat
Pusan
P' yongyang
Pyramides
Pyrénées
Qatar
Qom
Qormi
Quai
Quatre
Quatre Bornes
Québec
Que Que
Quezaltenango
Quezon City
Qui Nhon
Quito
Rabat
Rabaul
Radio France
Radio France internationale
Radio Nostalgie
Rajasthan
Rajshali
Rakvere
Ramallah
Ramat Gan
Rambuteau
Ramsey
Rancagua
Randers
Randstad Holland
Ranelagh
Ranjpur
Raqqa
Ras al Khaimah
Rasht
Raspail
Rawalpindi
Razdan
RDA
Réaumur
Recife
Regina
Reims
Remich
Rémire
Rennes
Républicain Lorrain
Républicains
République
République Démocratique du Congo
République Dominicaine
République Tchèque
Retlahuleu
Reuilly
Reunion
Reuters
Reykjavik
Rezekne
RFA
RFI
RFM
RFO
Rhénanie du Nord Westphalie
Rhénanie Palatinat
Rhode Island
Rhône Alpes
Ribeira Grande
Rica
Richard
Richelieu
Rico
Riga
Rijeka
Rikaze
Riobamba
Rio de Janeiro
Riquet
Rires et Chansons
Rivera
Riyadh
RMC
Road Town
Robespierre
Romania
Rome
Rosario
Roseau
Rose Hill
Rosita
Roskilde
Ross
Rosso
Rostov
Rotterdam
Roumanie
Royaume Uni
RPF
RPR
RTL
RTL2
RTL9
Rue
Ruhengeri
Ruhr
Rumonge
Ruse
Russie
Rustavi
Rwanda
Rybnica
Sada
Safi
Sahara
Sahara occidental
Saïda
Saïgon
Saint-Ambroise
Saint André
Saint Anne
Saint Aubin
Saint-Augustin
Saint Benoit
Saint Christophe et Nevis
Saint Christophe et Nieves
Saint Claude
Saint Denis
Saint-Denis
Saint Domingue
Sainte Anne
Sainte Hélène
Sainte Lucie
Sainte Marie
Sainte Rose
Saint Etienne
Saint-François-Xavier
Saint Gall
Saint George
Saint George' s
Saint-Georges
Saint-Germain
Saint Helena
Saint Hélier
Saint-Jacques
Saint John' s
Saint Joseph
Saint Kitts and Nevis
Saint Laurent
Saint-Lazare
Saint Louis
Saint Lucia
Saint-Mandé
Saint-Marcel
Saint Marin
Saint-Maur
Saint-Michel
Saint-Ouen
Saint Paul
Saint-Paul
Saint Pétersbourg
Saint-Philippe
Saint Pierre
Saint Pierre et Miquelon
Saint-Placide
Saint-Sébastien
Saint-Sulpice
Saint Vincent and the Grenadines
Saint Vincent et les Grenadines
Saint-Vincent et les Grenadines
Sal
Salaiula
Salalah
Sallyana
Salmiya
Salomon
Salt
Salt Cay
Salto
Salvador
Salzburg
Samarkand
Samarra
Samoa
Samoa Américaines
Samoa Occidentales
Sanaa
San Antonio
San Carlos
San Cristóbal
San Diego
Sandwich
Sandy Point
San Fernando
San Francisco
San Francisco de Macoris
San Ignacio
San José
San Juan
Sankt Pölten
San Lorenzo
San Luis Potosî
San Marino
San Miguel
San Miguel de Tucumán
San Pedro de Macoris
San Pedro Sula
San Remo
San-Remo
San Salvador
Santa Ana
Santa Clara
Santa Cruz
Santa Maria
Santa Rita
Santiago
Santiago de Cuba
Santo
Santo António
Sao Paulo
São Tomé
Sao Tome and Príncipe
São Tomé e Príncipe
São Tomé et Príncipe
Sapporo
Saragosse
Sarajevo
Saratov
Sardaigne
Sargasses
Sargodha
Sarh
Sariwon
Sarre
Saskatchewan
Satupaitea
Saturne
Saudi Arabia
Sauteurs
Savannah
Savannakhet
Savanna la Mar
Sayaboury
Scandinavie
Scarborough
Schaan
Schleswig Holstein
Schoelcher
Schwyz
Scotia
Seattle
Sebastopol
Sebha
Seborga
Secondi-Takoradi
Ségou
Ségur
Selebi-Pikwe
Sélibaby
Semarang
Semipalatinsk
Sénat
Sendai
Senegal
Sénégal
Sentier
Seoul
Serangoon
Serbia
Serbie
Sercq
Seremban
Seria
Série Club
Serowe
Sérrai
Serravalle
Serrekunda
Sétif
Settlement
Setúbal
Seville
Sèvres
Seychelles
Sfax
Shabani
Shamo
Shanghai
Sharjah
Sheffield
Sheki
Shenyang
Shevshenko
Shkodër
Shumen
Sialkot
Siauliai
Sibérie
Sibiu
Sichuan
Sicile
Siem Reap
Sierra Leone
Siglufjördur
Siguatepeque
Sikasso
Sikkim
Silésie
Sillamäe
Simferopol
Simplon
Simpson
Sinaï
Sind
Singapore
Singapour
Singatoka
Sinnamary
Sint Cruz
Sint Nicolaas
Sinuiju
Siroki
Siumu
Skagerrak
Skellefteå
Skien
Skopje
Skyrock
Sliema
Sligo
Sliven
Slovak
Slovakia
Slovaquie
Slovenia
Slovénie
Smara
Socialistes
Sofia
SOFRES
Sokodé
Sokoto
Soleil
Solférino
Solomon
Solomon Islands
Somalia
Somalie
Somaliland
Sombor
Songkhla
Sonoran
Sonsonate
Soroki
Sosnowiec
Souabe Franconie
Soudan
Soufrière
Sousse
South Africa
South Georgia
South Korea
South Sandwich Islands
Soviet suprême
Soviet suprême de la République
Spain
Spanish Town
SPD
Speightstown
Spitzberg
Split
Sri Lanka
Sseu Tch' ouan
Stalingrad
Stanley
Stara Zagora
Stations de Olsbu et Gamlestasjonen
Stations de Rothera
Stavanger
Stegi
Stepanakert
Steyr
Stockholm
Storby
St. Pierre and Miquelon
Strasbourg
Studio
Stuttgart
Subotica
Sucre
Sudan
Suède
Suez
Suisse
Sukhumi
Sukkertoppen
Sukuta
Sullana
Sully
Sulu
Sumgait
Sundsvall
Sunwon
Sunyani
Sur
Surabaya
Surakarta
Surat
Surinam
Suriname
Susupe
Suva
Svalbard Island
Svalbard Islands
Swakopmund
Swaziland
Sweden
Switzerland
Sydney
Sylhet
Syria
Syrian
Syrie
Szczecin
Szeged
Szekesfehérvár
Szolmok
Szombathely
Tabligbo
Tabora
Tabriz
Tabuk
Tacuarembó
Tadjikistan
Tadjourah
Taegu
Taejon
Tafila
Taga Dzong
Tahoua
T' ai-chung
T' ai-nan
Taipa
T' ai-pei
Taiping
Taiwan
Taiyuan
Ta' izz
Tajikistan
Taklamakan
Takla Makan
Taklimakan
Talca
Talcahuano
Tallinn
Talofofo
Tamale
Tampere
Tamuning
Tananarive
Tanga
Tangarare
Tanger
Tanta
Tanzania
Tanzanie
Tarente
Tartoûs
Tartu
Tashauz
Tashkent
Tasman
Tass
Tbilisi
Tchad
Tchéliabinsk
Tchéquie
Tchibanga
Tchoïbalsan
Tchouktches
Téahupo
Tegucigalpa
Téhéran
Tela
Tel-Aviv
Télégraphe
Télérama
Tell
Tema
Temple
Temuco
Tennessee
Te One
Ternes
Terre
Terre Neuve
Terres australes et antarctiques
Territoire du Yukon
Territoires du Nord Ouest
Territoires du Nord-Ouest
Tessin
Tetouan
Tetovo
Texas
Teyateyaneng
TF1
Thailand
Thaïlande
Thar
The Economics
The Flatt' s Village
The Settlement
Thessalie
Thessaloniki
The Valley
Thiès
Thika
Thimphu
Thio
Thoune
Thrace
Thunder Bay
Tianjin
Tibet
Tijuana
Tilburg
Timisoara
Timor
Timor-Leste
Tirana
Tiraspol
Titikaveka
Titov
Toa Baja
Toamasina
Tobago
Tobrouk
Tocumen
Togo
Toi
Tokelau
Tokyo
Tolbiac
Tolbiac-Masséna
Tolbukhin
Toliara
T.O.M
Tombouctou
Tonga
Toronto
Tororo
Torshavn
Toscane
Totness
Toulon
Toulouse
TPS
Tralee
Transylvanie
Travaillistes
Trbovlje
Trentin Haut Adige
Trésor
Trésor publique
Tribune
Triesen
Triesenberg
Trieste
Trincomalee
Trinidad and Tobago
Trinité
Trinité et Tobago
Tripoli
Tristan da Cunha
Trnava
Trocadéro
Tromsø
Trondheim
Trujillo
Tselinograd
Tsévié
Tskhinvali
Tsuen Wan
Tsumeb
Tuasivi
Tubmanburg
Tucker' s Town
Tuileries
Tunis
Tunisia
Tunisie
Turin
Turkestan
Turkey
Turkmenistan
Turkménistan
Turks
Turks and Caicos Islands
Turks et Caïques
Turks Islands
Turku
Turquie
Tursunzade
Tutume
Tuvalu
Tuzla
TV5
Tyr
Tyrol
Tyrrhénienne
Uaboe
UAE
UCI
UDF
UDF PR
UEO
Uganda
Ujung Pandang
UK
Ukraine
Ulan Bator
Uliastay
Ulsan
Ulster
Umeå
Umhlali
Umm Bab
UMP
Union soviétique
Union Soviétique
United Arab Emirates
United Kingdom
United States
Uppsala
Ural' sk
Uranus
Urlins
URSS
Uruguay
Urumiyeh
US
U.S.
USA
Usti Nad Labem
Ust-Kamenogorsk
Utah
Utrecht
Utulei
Uzbekistan
Vacoas-Phoenix
Vaduz
Vaitogi
Valais
Valence
Valencia
Valladolid
Valparaíso
Vancouver
Vaneau
Vantaa
Vanuatu
Varenne
Varna
Varsovie
Västerås
Vatican
Vaud
Vaugirard
Vavin
Vejle
Vénétie
Venezuela
Vénézuela
Vénézuéla
Venise
Ventspils
Vénus
Vermont
Vérone
Verts
Victor
Victoria
Vientiane
Vierges américaines
Vierges britanniques
Vietnam
Viêt nam
Vieux Fort
Vila Nova de Gaia
Villach
Villarrica
Villejuif
Villiers
Vilnius
Viña del Mar
Vincennes
Vinh
Vinnitsa
Virginie
Virginie Occidentale
Virgin Islands
Vitebsk
Vladivostok
Vlorë
Voici
Voie lactée
Voie Lactée
Volgograd
Volontaires
Vólos
Voltaire
Vostok
VSD
Vukovar
Wadden
Wad Medani
Wagram
Wahiawa
Wailuku
Waitangi
Waitemata
Wake
Wakra
Wallis
Wallis and Futuna
Wallis et Futuna
Walvis Bay
Wankie
Washington
Waterford
Weddell
Wellington
Wels
West Bay
West End
Western Sahara
Wewak
Whanganui
Whangarei
Wien
Willemstad
Windhoek
Winnipeg
Winterthur
Wisconsin
Wollongong
Wonsan
Wroclaw
Wuhan
Wyoming
Xi' an
Xinjiang
Xizang
Yamoussoukro
Yangon
Yangor
Yaoundé
Yap
Yaren
Yekatarinburg
Yemen
Yémen
Yerevan
Yokohama
Yougoslavie
Yucatán
Yukon
Zadar
Zagazig
Zagreb
Zahle
Zaire
Zambia
Zambie
Zamboanga
Zanzibar
Zaporozh' ye
Zaragoza
Zaria
Zarqa
ZDF
Zealand
Zélande
Zelten
Zenica
Ziguinchor
Zilina
Zimbabwe
Zimbabwe 
Zinder
Zodiaque
Zomba
Zouerate
Zoug
Zrenjanin
Zurich
Zürich
